// Vitest Snapshot v1, https://vitest.dev/guide/snapshot.html

exports[`Flex 컴포넌트 테스트 > Flex 스냅샷 테스트 1`] = `
.emotion-0 {
  display: -webkit-box;
  display: -webkit-flex;
  display: -ms-flexbox;
  display: flex;
}

<div
  class="emotion-0"
>
  Flex
</div>
`;
