// Vitest Snapshot v1, https://vitest.dev/guide/snapshot.html

exports[`Dimmed 컴포넌트 테스트 > Dimmed 스냅샷 테스트 1`] = `
.emotion-0 {
  background-color: #1F1F1FB3;
  position: fixed;
  top: 0;
  left: 0;
  width: 100%;
  height: 100%;
  -webkit-backdrop-filter: blur(6px);
  backdrop-filter: blur(6px);
  z-index: 10;
}

<div
  class="emotion-0"
  data-testid="dimmed"
/>
`;
