// Vitest Snapshot v1, https://vitest.dev/guide/snapshot.html

exports[`Confirm Popup 컴포넌트 테스트 > ConfirmPopup 컴포넌트 스냅샷 테스트 1`] = `
.emotion-0 {
  display: -webkit-box;
  display: -webkit-flex;
  display: -ms-flexbox;
  display: flex;
  -webkit-flex-direction: column;
  -ms-flex-direction: column;
  flex-direction: column;
  -webkit-box-pack: end;
  -ms-flex-pack: end;
  -webkit-justify-content: flex-end;
  justify-content: flex-end;
  width: 100%;
  height: 100%;
}

.emotion-1 {
  display: -webkit-box;
  display: -webkit-flex;
  display: -ms-flexbox;
  display: flex;
  -webkit-flex-direction: column;
  -ms-flex-direction: column;
  flex-direction: column;
  -webkit-box-pack: center;
  -ms-flex-pack: center;
  -webkit-justify-content: center;
  justify-content: center;
  -webkit-align-items: center;
  -webkit-box-align: center;
  -ms-flex-align: center;
  align-items: center;
  font-family: Hyundai Sans Text KR,sans-serif;
  font-size: 14px;
  font-weight: 500;
  line-height: 22px;
  letter-spacing: -0.03em;
  color: #212122;
  text-align: center;
  height: 100%;
}

.emotion-2 {
  display: -webkit-box;
  display: -webkit-flex;
  display: -ms-flexbox;
  display: flex;
  -webkit-flex-direction: row;
  -ms-flex-direction: row;
  flex-direction: row;
  -webkit-box-pack: center;
  -ms-flex-pack: center;
  -webkit-justify-content: center;
  justify-content: center;
  -webkit-align-items: center;
  -webkit-box-align: center;
  -ms-flex-align: center;
  align-items: center;
}

.emotion-3 {
  display: -webkit-box;
  display: -webkit-flex;
  display: -ms-flexbox;
  display: flex;
  -webkit-flex-direction: row;
  -ms-flex-direction: row;
  flex-direction: row;
  -webkit-box-pack: center;
  -ms-flex-pack: center;
  -webkit-justify-content: center;
  justify-content: center;
  -webkit-align-items: center;
  -webkit-box-align: center;
  -ms-flex-align: center;
  align-items: center;
  font-family: Hyundai Sans Head KR,sans-serif;
  font-size: 16px;
  font-weight: 500;
  line-height: 24px;
  letter-spacing: -0.03em;
  background-color: #C8CACC;
  color: #FFFFFF;
  width: 168px;
  height: 52px;
}

.emotion-3:active {
  background-color: #B6B8BB;
}

.emotion-4 {
  display: -webkit-box;
  display: -webkit-flex;
  display: -ms-flexbox;
  display: flex;
  -webkit-flex-direction: row;
  -ms-flex-direction: row;
  flex-direction: row;
  -webkit-box-pack: center;
  -ms-flex-pack: center;
  -webkit-justify-content: center;
  justify-content: center;
  -webkit-align-items: center;
  -webkit-box-align: center;
  -ms-flex-align: center;
  align-items: center;
  font-family: Hyundai Sans Head KR,sans-serif;
  font-size: 16px;
  font-weight: 500;
  line-height: 24px;
  letter-spacing: -0.03em;
  background-color: #00224A;
  color: #FFFFFF;
  width: 168px;
  height: 52px;
}

.emotion-4:active {
  background-color: #001731;
}

<div
  class="emotion-0"
  data-testid="confirm-modal"
>
  <div
    class="emotion-1"
  >
    Snapshot
  </div>
  <div
    class="emotion-2"
  >
    <button
      class="emotion-3"
      color="gray"
    >
      취소
    </button>
    <button
      class="emotion-4"
      color="primary"
    >
      확인
    </button>
  </div>
</div>
`;
